[data] validation pairs=548 (test SEALED, train NOT used)
[model] loading RNAformer 32M (intra-family fine-tuned)...
/home/cunyuliu/miniconda3/envs/editflow/lib/python3.10/site-packages/RNAformer/module/axial_attention.py:11: UserWarning: pkg_resources is deprecated as an API. See https://setuptools.pypa.io/en/latest/pkg_resources.html. The pkg_resources package is slated for removal as early as 2025-11-30. Refrain from using this package or pin to Setuptools<81.
  import pkg_resources
/home/cunyuliu/reactflow_delta_goal_20260729/scripts/reactflow_delta/m0x_sota_dl_rnaformer.py:138: FutureWarning: You are using `torch.load` with `weights_only=False` (the current default value), which uses the default pickle module implicitly. It is possible to construct malicious pickle data which will execute arbitrary code during unpickling (See https://github.com/pytorch/pytorch/blob/main/SECURITY.md#untrusted-models for more details). In a future release, the default value for `weights_only` will be flipped to `True`. This limits the functions that could be executed during unpickling. Arbitrary objects will no longer be allowed to be loaded via this mode unless they are explicitly allowlisted by the user via `torch.serialization.add_safe_globals`. We recommend you start setting `weights_only=True` for any use case where you don't have full control of the loaded file. Please open an issue on GitHub for any issues related to this experimental feature.
  state_dict = torch.load(weights_path, map_location=torch.device("cpu"))
[model] loaded in 12s device=cuda
[rnaformer] 20/548 pairs in 12s
[rnaformer] 40/548 pairs in 21s
[rnaformer] 60/548 pairs in 30s
[rnaformer] 80/548 pairs in 40s
[rnaformer] 100/548 pairs in 49s
[rnaformer] 120/548 pairs in 58s
[rnaformer] 140/548 pairs in 67s
[rnaformer] 160/548 pairs in 75s
[rnaformer] 180/548 pairs in 83s
[rnaformer] 200/548 pairs in 93s
[rnaformer] 220/548 pairs in 104s
[rnaformer] 240/548 pairs in 117s
[rnaformer] 260/548 pairs in 132s
[rnaformer] 280/548 pairs in 148s
[rnaformer] 300/548 pairs in 164s
[rnaformer] 320/548 pairs in 180s
[rnaformer] 340/548 pairs in 196s
[rnaformer] 360/548 pairs in 212s
[rnaformer] 380/548 pairs in 227s
[rnaformer] 400/548 pairs in 243s
[rnaformer] 420/548 pairs in 258s
[rnaformer] 440/548 pairs in 274s
[rnaformer] 460/548 pairs in 290s
[rnaformer] 480/548 pairs in 306s
[rnaformer] 500/548 pairs in 321s
[rnaformer] 520/548 pairs in 337s
[rnaformer] 540/548 pairs in 355s
[rnaformer] 548/548 pairs in 362s
[rnaformer] folded 548 pairs in 362s
[rnaformer] val study-macro AUPRC = 0.5554

=== HORIZONTAL COMPARISON TABLE (横向对比表) ===
method                              auprc
structure_aware_changer            0.7353
p2_paired_baseline                 0.6936
wt_only                            0.6748
rnaformer_published_dl             0.5554
vienna_physics_published           0.4534

Point gain of our structure-aware classifier vs RNAformer (DL SOTA): +0.1799
manifest: results/sota_dl_rnaformer_20260805_pubsplit/rnaformer_comparison_manifest.json
